================================================================================
This dump is called from line 23 in file 'source/ht_storage.cpp'
From function: 'ht_error_t ht_storage_ctor(hashtab_t *)'
Dump comment: This is dump after initialization of storage
--------------------------------------------------------------------------------
Free: 0x131604980
--------------------------------------------------------------------------------
BUCKETS:
	[index]:    head_prev   |   head_next
	[  000]:    0x131604760 |    0x131604760 | FREE
	[  001]:    0x131604780 |    0x131604780 | FREE
	[  002]:    0x1316047a0 |    0x1316047a0 | FREE
	[  003]:    0x1316047c0 |    0x1316047c0 | FREE
	[  004]:    0x1316047e0 |    0x1316047e0 | FREE
	[  005]:    0x131604800 |    0x131604800 | FREE
	[  006]:    0x131604820 |    0x131604820 | FREE
	[  007]:    0x131604840 |    0x131604840 | FREE
	[  008]:    0x131604860 |    0x131604860 | FREE
	[  009]:    0x131604880 |    0x131604880 | FREE
	[  010]:    0x1316048a0 |    0x1316048a0 | FREE
	[  011]:    0x1316048c0 |    0x1316048c0 | FREE
	[  012]:    0x1316048e0 |    0x1316048e0 | FREE
	[  013]:    0x131604900 |    0x131604900 | FREE
	[  014]:    0x131604920 |    0x131604920 | FREE
	[  015]:    0x131604940 |    0x131604940 | FREE
	[  016]:    0x131604960 |    0x131604960 | FREE
--------------------------------------------------------------------------------
LIST ARRAY 0:
	[      ptr     ]:      prev      |      next      |     key
	[0x131604760]:    0x131604760 |    0x131604760 | (null)
	[0x131604780]:    0x131604780 |    0x131604780 | (null)
	[0x1316047a0]:    0x1316047a0 |    0x1316047a0 | (null)
	[0x1316047c0]:    0x1316047c0 |    0x1316047c0 | (null)
	[0x1316047e0]:    0x1316047e0 |    0x1316047e0 | (null)
	[0x131604800]:    0x131604800 |    0x131604800 | (null)
	[0x131604820]:    0x131604820 |    0x131604820 | (null)
	[0x131604840]:    0x131604840 |    0x131604840 | (null)
	[0x131604860]:    0x131604860 |    0x131604860 | (null)
	[0x131604880]:    0x131604880 |    0x131604880 | (null)
	[0x1316048a0]:    0x1316048a0 |    0x1316048a0 | (null)
	[0x1316048c0]:    0x1316048c0 |    0x1316048c0 | (null)
	[0x1316048e0]:    0x1316048e0 |    0x1316048e0 | (null)
	[0x131604900]:    0x131604900 |    0x131604900 | (null)
	[0x131604920]:    0x131604920 |    0x131604920 | (null)
	[0x131604940]:    0x131604940 |    0x131604940 | (null)
	[0x131604960]:    0x131604960 |    0x131604960 | (null)
	[0x131604980]:            0x0 |    0x1316049a0 | (null)
	[0x1316049a0]:            0x0 |    0x1316049c0 | (null)
	[0x1316049c0]:            0x0 |            0x0 | (null)
================================================================================


================================================================================
This dump is called from line 33 in file 'source/linked_list.cpp'
From function: 'ht_error_t list_insert(hashtab_t *, bucket_t *, const char *, data_t *)'
Dump comment: Dump after list allocation
--------------------------------------------------------------------------------
Free: 0x1316049a0
--------------------------------------------------------------------------------
BUCKETS:
	[index]:    head_prev   |   head_next
	[  000]:    0x131604760 |    0x131604760 | FREE
	[  001]:    0x131604780 |    0x131604780 | FREE
	[  002]:    0x1316047a0 |    0x1316047a0 | FREE
	[  003]:    0x1316047c0 |    0x1316047c0 | FREE
	[  004]:    0x131604980 |    0x131604980 | NOT FREE
	[  005]:    0x131604800 |    0x131604800 | FREE
	[  006]:    0x131604820 |    0x131604820 | FREE
	[  007]:    0x131604840 |    0x131604840 | FREE
	[  008]:    0x131604860 |    0x131604860 | FREE
	[  009]:    0x131604880 |    0x131604880 | FREE
	[  010]:    0x1316048a0 |    0x1316048a0 | FREE
	[  011]:    0x1316048c0 |    0x1316048c0 | FREE
	[  012]:    0x1316048e0 |    0x1316048e0 | FREE
	[  013]:    0x131604900 |    0x131604900 | FREE
	[  014]:    0x131604920 |    0x131604920 | FREE
	[  015]:    0x131604940 |    0x131604940 | FREE
	[  016]:    0x131604960 |    0x131604960 | FREE
--------------------------------------------------------------------------------
LIST ARRAY 0:
	[      ptr     ]:      prev      |      next      |     key
	[0x131604760]:    0x131604760 |    0x131604760 | (null)
	[0x131604780]:    0x131604780 |    0x131604780 | (null)
	[0x1316047a0]:    0x1316047a0 |    0x1316047a0 | (null)
	[0x1316047c0]:    0x1316047c0 |    0x1316047c0 | (null)
	[0x1316047e0]:    0x131604980 |    0x131604980 | (null)
	[0x131604800]:    0x131604800 |    0x131604800 | (null)
	[0x131604820]:    0x131604820 |    0x131604820 | (null)
	[0x131604840]:    0x131604840 |    0x131604840 | (null)
	[0x131604860]:    0x131604860 |    0x131604860 | (null)
	[0x131604880]:    0x131604880 |    0x131604880 | (null)
	[0x1316048a0]:    0x1316048a0 |    0x1316048a0 | (null)
	[0x1316048c0]:    0x1316048c0 |    0x1316048c0 | (null)
	[0x1316048e0]:    0x1316048e0 |    0x1316048e0 | (null)
	[0x131604900]:    0x131604900 |    0x131604900 | (null)
	[0x131604920]:    0x131604920 |    0x131604920 | (null)
	[0x131604940]:    0x131604940 |    0x131604940 | (null)
	[0x131604960]:    0x131604960 |    0x131604960 | (null)
	[0x131604980]:    0x1316047e0 |    0x1316047e0 | test_string_num_0
	[0x1316049a0]:            0x0 |    0x1316049c0 | (null)
	[0x1316049c0]:            0x0 |            0x0 | (null)
================================================================================


================================================================================
This dump is called from line 33 in file 'source/linked_list.cpp'
From function: 'ht_error_t list_insert(hashtab_t *, bucket_t *, const char *, data_t *)'
Dump comment: Dump after list allocation
--------------------------------------------------------------------------------
Free: 0x1316049c0
--------------------------------------------------------------------------------
BUCKETS:
	[index]:    head_prev   |   head_next
	[  000]:    0x131604760 |    0x131604760 | FREE
	[  001]:    0x131604780 |    0x131604780 | FREE
	[  002]:    0x1316047a0 |    0x1316047a0 | FREE
	[  003]:    0x1316047c0 |    0x1316047c0 | FREE
	[  004]:    0x131604980 |    0x131604980 | NOT FREE
	[  005]:    0x1316049a0 |    0x1316049a0 | NOT FREE
	[  006]:    0x131604820 |    0x131604820 | FREE
	[  007]:    0x131604840 |    0x131604840 | FREE
	[  008]:    0x131604860 |    0x131604860 | FREE
	[  009]:    0x131604880 |    0x131604880 | FREE
	[  010]:    0x1316048a0 |    0x1316048a0 | FREE
	[  011]:    0x1316048c0 |    0x1316048c0 | FREE
	[  012]:    0x1316048e0 |    0x1316048e0 | FREE
	[  013]:    0x131604900 |    0x131604900 | FREE
	[  014]:    0x131604920 |    0x131604920 | FREE
	[  015]:    0x131604940 |    0x131604940 | FREE
	[  016]:    0x131604960 |    0x131604960 | FREE
--------------------------------------------------------------------------------
LIST ARRAY 0:
	[      ptr     ]:      prev      |      next      |     key
	[0x131604760]:    0x131604760 |    0x131604760 | (null)
	[0x131604780]:    0x131604780 |    0x131604780 | (null)
	[0x1316047a0]:    0x1316047a0 |    0x1316047a0 | (null)
	[0x1316047c0]:    0x1316047c0 |    0x1316047c0 | (null)
	[0x1316047e0]:    0x131604980 |    0x131604980 | (null)
	[0x131604800]:    0x1316049a0 |    0x1316049a0 | (null)
	[0x131604820]:    0x131604820 |    0x131604820 | (null)
	[0x131604840]:    0x131604840 |    0x131604840 | (null)
	[0x131604860]:    0x131604860 |    0x131604860 | (null)
	[0x131604880]:    0x131604880 |    0x131604880 | (null)
	[0x1316048a0]:    0x1316048a0 |    0x1316048a0 | (null)
	[0x1316048c0]:    0x1316048c0 |    0x1316048c0 | (null)
	[0x1316048e0]:    0x1316048e0 |    0x1316048e0 | (null)
	[0x131604900]:    0x131604900 |    0x131604900 | (null)
	[0x131604920]:    0x131604920 |    0x131604920 | (null)
	[0x131604940]:    0x131604940 |    0x131604940 | (null)
	[0x131604960]:    0x131604960 |    0x131604960 | (null)
	[0x131604980]:    0x1316047e0 |    0x1316047e0 | test_string_num_0
	[0x1316049a0]:    0x131604800 |    0x131604800 | test_string_num_1
	[0x1316049c0]:            0x0 |            0x0 | (null)
================================================================================


================================================================================
This dump is called from line 33 in file 'source/linked_list.cpp'
From function: 'ht_error_t list_insert(hashtab_t *, bucket_t *, const char *, data_t *)'
Dump comment: Dump after list allocation
--------------------------------------------------------------------------------
Free: 0x0
--------------------------------------------------------------------------------
BUCKETS:
	[index]:    head_prev   |   head_next
	[  000]:    0x131604760 |    0x131604760 | FREE
	[  001]:    0x131604780 |    0x131604780 | FREE
	[  002]:    0x1316049c0 |    0x1316049c0 | NOT FREE
	[  003]:    0x1316047c0 |    0x1316047c0 | FREE
	[  004]:    0x131604980 |    0x131604980 | NOT FREE
	[  005]:    0x1316049a0 |    0x1316049a0 | NOT FREE
	[  006]:    0x131604820 |    0x131604820 | FREE
	[  007]:    0x131604840 |    0x131604840 | FREE
	[  008]:    0x131604860 |    0x131604860 | FREE
	[  009]:    0x131604880 |    0x131604880 | FREE
	[  010]:    0x1316048a0 |    0x1316048a0 | FREE
	[  011]:    0x1316048c0 |    0x1316048c0 | FREE
	[  012]:    0x1316048e0 |    0x1316048e0 | FREE
	[  013]:    0x131604900 |    0x131604900 | FREE
	[  014]:    0x131604920 |    0x131604920 | FREE
	[  015]:    0x131604940 |    0x131604940 | FREE
	[  016]:    0x131604960 |    0x131604960 | FREE
--------------------------------------------------------------------------------
LIST ARRAY 0:
	[      ptr     ]:      prev      |      next      |     key
	[0x131604760]:    0x131604760 |    0x131604760 | (null)
	[0x131604780]:    0x131604780 |    0x131604780 | (null)
	[0x1316047a0]:    0x1316049c0 |    0x1316049c0 | (null)
	[0x1316047c0]:    0x1316047c0 |    0x1316047c0 | (null)
	[0x1316047e0]:    0x131604980 |    0x131604980 | (null)
	[0x131604800]:    0x1316049a0 |    0x1316049a0 | (null)
	[0x131604820]:    0x131604820 |    0x131604820 | (null)
	[0x131604840]:    0x131604840 |    0x131604840 | (null)
	[0x131604860]:    0x131604860 |    0x131604860 | (null)
	[0x131604880]:    0x131604880 |    0x131604880 | (null)
	[0x1316048a0]:    0x1316048a0 |    0x1316048a0 | (null)
	[0x1316048c0]:    0x1316048c0 |    0x1316048c0 | (null)
	[0x1316048e0]:    0x1316048e0 |    0x1316048e0 | (null)
	[0x131604900]:    0x131604900 |    0x131604900 | (null)
	[0x131604920]:    0x131604920 |    0x131604920 | (null)
	[0x131604940]:    0x131604940 |    0x131604940 | (null)
	[0x131604960]:    0x131604960 |    0x131604960 | (null)
	[0x131604980]:    0x1316047e0 |    0x1316047e0 | test_string_num_0
	[0x1316049a0]:    0x131604800 |    0x131604800 | test_string_num_1
	[0x1316049c0]:    0x1316047a0 |    0x1316047a0 | test_string_num_2
================================================================================


================================================================================
This dump is called from line 30 in file 'source/ht_storage.cpp'
From function: 'ht_error_t ht_storage_get_list(hashtab_t *, list_t **)'
Dump comment: Dump after new container
--------------------------------------------------------------------------------
Free: 0x1316049e0
--------------------------------------------------------------------------------
BUCKETS:
	[index]:    head_prev   |   head_next
	[  000]:    0x131604760 |    0x131604760 | FREE
	[  001]:    0x131604780 |    0x131604780 | FREE
	[  002]:    0x1316049c0 |    0x1316049c0 | NOT FREE
	[  003]:    0x1316047c0 |    0x1316047c0 | FREE
	[  004]:    0x131604980 |    0x131604980 | NOT FREE
	[  005]:    0x1316049a0 |    0x1316049a0 | NOT FREE
	[  006]:    0x131604820 |    0x131604820 | FREE
	[  007]:    0x131604840 |    0x131604840 | FREE
	[  008]:    0x131604860 |    0x131604860 | FREE
	[  009]:    0x131604880 |    0x131604880 | FREE
	[  010]:    0x1316048a0 |    0x1316048a0 | FREE
	[  011]:    0x1316048c0 |    0x1316048c0 | FREE
	[  012]:    0x1316048e0 |    0x1316048e0 | FREE
	[  013]:    0x131604900 |    0x131604900 | FREE
	[  014]:    0x131604920 |    0x131604920 | FREE
	[  015]:    0x131604940 |    0x131604940 | FREE
	[  016]:    0x131604960 |    0x131604960 | FREE
--------------------------------------------------------------------------------
LIST ARRAY 0:
	[      ptr     ]:      prev      |      next      |     key
	[0x131604760]:    0x131604760 |    0x131604760 | (null)
	[0x131604780]:    0x131604780 |    0x131604780 | (null)
	[0x1316047a0]:    0x1316049c0 |    0x1316049c0 | (null)
	[0x1316047c0]:    0x1316047c0 |    0x1316047c0 | (null)
	[0x1316047e0]:    0x131604980 |    0x131604980 | (null)
	[0x131604800]:    0x1316049a0 |    0x1316049a0 | (null)
	[0x131604820]:    0x131604820 |    0x131604820 | (null)
	[0x131604840]:    0x131604840 |    0x131604840 | (null)
	[0x131604860]:    0x131604860 |    0x131604860 | (null)
	[0x131604880]:    0x131604880 |    0x131604880 | (null)
	[0x1316048a0]:    0x1316048a0 |    0x1316048a0 | (null)
	[0x1316048c0]:    0x1316048c0 |    0x1316048c0 | (null)
	[0x1316048e0]:    0x1316048e0 |    0x1316048e0 | (null)
	[0x131604900]:    0x131604900 |    0x131604900 | (null)
	[0x131604920]:    0x131604920 |    0x131604920 | (null)
	[0x131604940]:    0x131604940 |    0x131604940 | (null)
	[0x131604960]:    0x131604960 |    0x131604960 | (null)
	[0x131604980]:    0x1316047e0 |    0x1316047e0 | test_string_num_0
	[0x1316049a0]:    0x131604800 |    0x131604800 | test_string_num_1
	[0x1316049c0]:    0x1316047a0 |    0x1316047a0 | test_string_num_2
--------------------------------------------------------------------------------
LIST ARRAY 1:
	[      ptr     ]:      prev      |      next      |     key
	[0x1316049e0]:            0x0 |    0x131604a00 | (null)
	[0x131604a00]:            0x0 |    0x131604a20 | (null)
	[0x131604a20]:            0x0 |    0x131604a40 | (null)
	[0x131604a40]:            0x0 |    0x131604a60 | (null)
	[0x131604a60]:            0x0 |    0x131604a80 | (null)
	[0x131604a80]:            0x0 |    0x131604aa0 | (null)
	[0x131604aa0]:            0x0 |    0x131604ac0 | (null)
	[0x131604ac0]:            0x0 |    0x131604ae0 | (null)
	[0x131604ae0]:            0x0 |    0x131604b00 | (null)
	[0x131604b00]:            0x0 |    0x131604b20 | (null)
	[0x131604b20]:            0x0 |    0x131604b40 | (null)
	[0x131604b40]:            0x0 |    0x131604b60 | (null)
	[0x131604b60]:            0x0 |    0x131604b80 | (null)
	[0x131604b80]:            0x0 |    0x131604ba0 | (null)
	[0x131604ba0]:            0x0 |    0x131604bc0 | (null)
	[0x131604bc0]:            0x0 |    0x131604be0 | (null)
	[0x131604be0]:            0x0 |    0x131604c00 | (null)
	[0x131604c00]:            0x0 |    0x131604c20 | (null)
	[0x131604c20]:            0x0 |    0x131604c40 | (null)
	[0x131604c40]:            0x0 |            0x0 | (null)
================================================================================


================================================================================
This dump is called from line 33 in file 'source/linked_list.cpp'
From function: 'ht_error_t list_insert(hashtab_t *, bucket_t *, const char *, data_t *)'
Dump comment: Dump after list allocation
--------------------------------------------------------------------------------
Free: 0x131604a00
--------------------------------------------------------------------------------
BUCKETS:
	[index]:    head_prev   |   head_next
	[  000]:    0x131604760 |    0x131604760 | FREE
	[  001]:    0x131604780 |    0x131604780 | FREE
	[  002]:    0x1316049c0 |    0x1316049c0 | NOT FREE
	[  003]:    0x1316047c0 |    0x1316047c0 | FREE
	[  004]:    0x131604980 |    0x131604980 | NOT FREE
	[  005]:    0x1316049a0 |    0x1316049a0 | NOT FREE
	[  006]:    0x131604820 |    0x131604820 | FREE
	[  007]:    0x131604840 |    0x131604840 | FREE
	[  008]:    0x131604860 |    0x131604860 | FREE
	[  009]:    0x1316049e0 |    0x1316049e0 | NOT FREE
	[  010]:    0x1316048a0 |    0x1316048a0 | FREE
	[  011]:    0x1316048c0 |    0x1316048c0 | FREE
	[  012]:    0x1316048e0 |    0x1316048e0 | FREE
	[  013]:    0x131604900 |    0x131604900 | FREE
	[  014]:    0x131604920 |    0x131604920 | FREE
	[  015]:    0x131604940 |    0x131604940 | FREE
	[  016]:    0x131604960 |    0x131604960 | FREE
--------------------------------------------------------------------------------
LIST ARRAY 0:
	[      ptr     ]:      prev      |      next      |     key
	[0x131604760]:    0x131604760 |    0x131604760 | (null)
	[0x131604780]:    0x131604780 |    0x131604780 | (null)
	[0x1316047a0]:    0x1316049c0 |    0x1316049c0 | (null)
	[0x1316047c0]:    0x1316047c0 |    0x1316047c0 | (null)
	[0x1316047e0]:    0x131604980 |    0x131604980 | (null)
	[0x131604800]:    0x1316049a0 |    0x1316049a0 | (null)
	[0x131604820]:    0x131604820 |    0x131604820 | (null)
	[0x131604840]:    0x131604840 |    0x131604840 | (null)
	[0x131604860]:    0x131604860 |    0x131604860 | (null)
	[0x131604880]:    0x1316049e0 |    0x1316049e0 | (null)
	[0x1316048a0]:    0x1316048a0 |    0x1316048a0 | (null)
	[0x1316048c0]:    0x1316048c0 |    0x1316048c0 | (null)
	[0x1316048e0]:    0x1316048e0 |    0x1316048e0 | (null)
	[0x131604900]:    0x131604900 |    0x131604900 | (null)
	[0x131604920]:    0x131604920 |    0x131604920 | (null)
	[0x131604940]:    0x131604940 |    0x131604940 | (null)
	[0x131604960]:    0x131604960 |    0x131604960 | (null)
	[0x131604980]:    0x1316047e0 |    0x1316047e0 | test_string_num_0
	[0x1316049a0]:    0x131604800 |    0x131604800 | test_string_num_1
	[0x1316049c0]:    0x1316047a0 |    0x1316047a0 | test_string_num_2
--------------------------------------------------------------------------------
LIST ARRAY 1:
	[      ptr     ]:      prev      |      next      |     key
	[0x1316049e0]:    0x131604880 |    0x131604880 | test_string_num_3
	[0x131604a00]:            0x0 |    0x131604a20 | (null)
	[0x131604a20]:            0x0 |    0x131604a40 | (null)
	[0x131604a40]:            0x0 |    0x131604a60 | (null)
	[0x131604a60]:            0x0 |    0x131604a80 | (null)
	[0x131604a80]:            0x0 |    0x131604aa0 | (null)
	[0x131604aa0]:            0x0 |    0x131604ac0 | (null)
	[0x131604ac0]:            0x0 |    0x131604ae0 | (null)
	[0x131604ae0]:            0x0 |    0x131604b00 | (null)
	[0x131604b00]:            0x0 |    0x131604b20 | (null)
	[0x131604b20]:            0x0 |    0x131604b40 | (null)
	[0x131604b40]:            0x0 |    0x131604b60 | (null)
	[0x131604b60]:            0x0 |    0x131604b80 | (null)
	[0x131604b80]:            0x0 |    0x131604ba0 | (null)
	[0x131604ba0]:            0x0 |    0x131604bc0 | (null)
	[0x131604bc0]:            0x0 |    0x131604be0 | (null)
	[0x131604be0]:            0x0 |    0x131604c00 | (null)
	[0x131604c00]:            0x0 |    0x131604c20 | (null)
	[0x131604c20]:            0x0 |    0x131604c40 | (null)
	[0x131604c40]:            0x0 |            0x0 | (null)
================================================================================


================================================================================
This dump is called from line 33 in file 'source/linked_list.cpp'
From function: 'ht_error_t list_insert(hashtab_t *, bucket_t *, const char *, data_t *)'
Dump comment: Dump after list allocation
--------------------------------------------------------------------------------
Free: 0x131604a20
--------------------------------------------------------------------------------
BUCKETS:
	[index]:    head_prev   |   head_next
	[  000]:    0x131604760 |    0x131604760 | FREE
	[  001]:    0x131604780 |    0x131604780 | FREE
	[  002]:    0x1316049c0 |    0x1316049c0 | NOT FREE
	[  003]:    0x1316047c0 |    0x1316047c0 | FREE
	[  004]:    0x131604980 |    0x131604980 | NOT FREE
	[  005]:    0x1316049a0 |    0x1316049a0 | NOT FREE
	[  006]:    0x131604820 |    0x131604820 | FREE
	[  007]:    0x131604840 |    0x131604840 | FREE
	[  008]:    0x131604a00 |    0x131604a00 | NOT FREE
	[  009]:    0x1316049e0 |    0x1316049e0 | NOT FREE
	[  010]:    0x1316048a0 |    0x1316048a0 | FREE
	[  011]:    0x1316048c0 |    0x1316048c0 | FREE
	[  012]:    0x1316048e0 |    0x1316048e0 | FREE
	[  013]:    0x131604900 |    0x131604900 | FREE
	[  014]:    0x131604920 |    0x131604920 | FREE
	[  015]:    0x131604940 |    0x131604940 | FREE
	[  016]:    0x131604960 |    0x131604960 | FREE
--------------------------------------------------------------------------------
LIST ARRAY 0:
	[      ptr     ]:      prev      |      next      |     key
	[0x131604760]:    0x131604760 |    0x131604760 | (null)
	[0x131604780]:    0x131604780 |    0x131604780 | (null)
	[0x1316047a0]:    0x1316049c0 |    0x1316049c0 | (null)
	[0x1316047c0]:    0x1316047c0 |    0x1316047c0 | (null)
	[0x1316047e0]:    0x131604980 |    0x131604980 | (null)
	[0x131604800]:    0x1316049a0 |    0x1316049a0 | (null)
	[0x131604820]:    0x131604820 |    0x131604820 | (null)
	[0x131604840]:    0x131604840 |    0x131604840 | (null)
	[0x131604860]:    0x131604a00 |    0x131604a00 | (null)
	[0x131604880]:    0x1316049e0 |    0x1316049e0 | (null)
	[0x1316048a0]:    0x1316048a0 |    0x1316048a0 | (null)
	[0x1316048c0]:    0x1316048c0 |    0x1316048c0 | (null)
	[0x1316048e0]:    0x1316048e0 |    0x1316048e0 | (null)
	[0x131604900]:    0x131604900 |    0x131604900 | (null)
	[0x131604920]:    0x131604920 |    0x131604920 | (null)
	[0x131604940]:    0x131604940 |    0x131604940 | (null)
	[0x131604960]:    0x131604960 |    0x131604960 | (null)
	[0x131604980]:    0x1316047e0 |    0x1316047e0 | test_string_num_0
	[0x1316049a0]:    0x131604800 |    0x131604800 | test_string_num_1
	[0x1316049c0]:    0x1316047a0 |    0x1316047a0 | test_string_num_2
--------------------------------------------------------------------------------
LIST ARRAY 1:
	[      ptr     ]:      prev      |      next      |     key
	[0x1316049e0]:    0x131604880 |    0x131604880 | test_string_num_3
	[0x131604a00]:    0x131604860 |    0x131604860 | test_string_num_4
	[0x131604a20]:            0x0 |    0x131604a40 | (null)
	[0x131604a40]:            0x0 |    0x131604a60 | (null)
	[0x131604a60]:            0x0 |    0x131604a80 | (null)
	[0x131604a80]:            0x0 |    0x131604aa0 | (null)
	[0x131604aa0]:            0x0 |    0x131604ac0 | (null)
	[0x131604ac0]:            0x0 |    0x131604ae0 | (null)
	[0x131604ae0]:            0x0 |    0x131604b00 | (null)
	[0x131604b00]:            0x0 |    0x131604b20 | (null)
	[0x131604b20]:            0x0 |    0x131604b40 | (null)
	[0x131604b40]:            0x0 |    0x131604b60 | (null)
	[0x131604b60]:            0x0 |    0x131604b80 | (null)
	[0x131604b80]:            0x0 |    0x131604ba0 | (null)
	[0x131604ba0]:            0x0 |    0x131604bc0 | (null)
	[0x131604bc0]:            0x0 |    0x131604be0 | (null)
	[0x131604be0]:            0x0 |    0x131604c00 | (null)
	[0x131604c00]:            0x0 |    0x131604c20 | (null)
	[0x131604c20]:            0x0 |    0x131604c40 | (null)
	[0x131604c40]:            0x0 |            0x0 | (null)
================================================================================


================================================================================
This dump is called from line 33 in file 'source/linked_list.cpp'
From function: 'ht_error_t list_insert(hashtab_t *, bucket_t *, const char *, data_t *)'
Dump comment: Dump after list allocation
--------------------------------------------------------------------------------
Free: 0x131604a40
--------------------------------------------------------------------------------
BUCKETS:
	[index]:    head_prev   |   head_next
	[  000]:    0x131604760 |    0x131604760 | FREE
	[  001]:    0x131604780 |    0x131604780 | FREE
	[  002]:    0x1316049c0 |    0x1316049c0 | NOT FREE
	[  003]:    0x1316047c0 |    0x1316047c0 | FREE
	[  004]:    0x131604980 |    0x131604980 | NOT FREE
	[  005]:    0x1316049a0 |    0x1316049a0 | NOT FREE
	[  006]:    0x131604820 |    0x131604820 | FREE
	[  007]:    0x131604840 |    0x131604840 | FREE
	[  008]:    0x131604a00 |    0x131604a00 | NOT FREE
	[  009]:    0x1316049e0 |    0x1316049e0 | NOT FREE
	[  010]:    0x1316048a0 |    0x1316048a0 | FREE
	[  011]:    0x1316048c0 |    0x1316048c0 | FREE
	[  012]:    0x131604a20 |    0x131604a20 | NOT FREE
	[  013]:    0x131604900 |    0x131604900 | FREE
	[  014]:    0x131604920 |    0x131604920 | FREE
	[  015]:    0x131604940 |    0x131604940 | FREE
	[  016]:    0x131604960 |    0x131604960 | FREE
--------------------------------------------------------------------------------
LIST ARRAY 0:
	[      ptr     ]:      prev      |      next      |     key
	[0x131604760]:    0x131604760 |    0x131604760 | (null)
	[0x131604780]:    0x131604780 |    0x131604780 | (null)
	[0x1316047a0]:    0x1316049c0 |    0x1316049c0 | (null)
	[0x1316047c0]:    0x1316047c0 |    0x1316047c0 | (null)
	[0x1316047e0]:    0x131604980 |    0x131604980 | (null)
	[0x131604800]:    0x1316049a0 |    0x1316049a0 | (null)
	[0x131604820]:    0x131604820 |    0x131604820 | (null)
	[0x131604840]:    0x131604840 |    0x131604840 | (null)
	[0x131604860]:    0x131604a00 |    0x131604a00 | (null)
	[0x131604880]:    0x1316049e0 |    0x1316049e0 | (null)
	[0x1316048a0]:    0x1316048a0 |    0x1316048a0 | (null)
	[0x1316048c0]:    0x1316048c0 |    0x1316048c0 | (null)
	[0x1316048e0]:    0x131604a20 |    0x131604a20 | (null)
	[0x131604900]:    0x131604900 |    0x131604900 | (null)
	[0x131604920]:    0x131604920 |    0x131604920 | (null)
	[0x131604940]:    0x131604940 |    0x131604940 | (null)
	[0x131604960]:    0x131604960 |    0x131604960 | (null)
	[0x131604980]:    0x1316047e0 |    0x1316047e0 | test_string_num_0
	[0x1316049a0]:    0x131604800 |    0x131604800 | test_string_num_1
	[0x1316049c0]:    0x1316047a0 |    0x1316047a0 | test_string_num_2
--------------------------------------------------------------------------------
LIST ARRAY 1:
	[      ptr     ]:      prev      |      next      |     key
	[0x1316049e0]:    0x131604880 |    0x131604880 | test_string_num_3
	[0x131604a00]:    0x131604860 |    0x131604860 | test_string_num_4
	[0x131604a20]:    0x1316048e0 |    0x1316048e0 | test_string_num_5
	[0x131604a40]:            0x0 |    0x131604a60 | (null)
	[0x131604a60]:            0x0 |    0x131604a80 | (null)
	[0x131604a80]:            0x0 |    0x131604aa0 | (null)
	[0x131604aa0]:            0x0 |    0x131604ac0 | (null)
	[0x131604ac0]:            0x0 |    0x131604ae0 | (null)
	[0x131604ae0]:            0x0 |    0x131604b00 | (null)
	[0x131604b00]:            0x0 |    0x131604b20 | (null)
	[0x131604b20]:            0x0 |    0x131604b40 | (null)
	[0x131604b40]:            0x0 |    0x131604b60 | (null)
	[0x131604b60]:            0x0 |    0x131604b80 | (null)
	[0x131604b80]:            0x0 |    0x131604ba0 | (null)
	[0x131604ba0]:            0x0 |    0x131604bc0 | (null)
	[0x131604bc0]:            0x0 |    0x131604be0 | (null)
	[0x131604be0]:            0x0 |    0x131604c00 | (null)
	[0x131604c00]:            0x0 |    0x131604c20 | (null)
	[0x131604c20]:            0x0 |    0x131604c40 | (null)
	[0x131604c40]:            0x0 |            0x0 | (null)
================================================================================


================================================================================
This dump is called from line 33 in file 'source/linked_list.cpp'
From function: 'ht_error_t list_insert(hashtab_t *, bucket_t *, const char *, data_t *)'
Dump comment: Dump after list allocation
--------------------------------------------------------------------------------
Free: 0x131604a60
--------------------------------------------------------------------------------
BUCKETS:
	[index]:    head_prev   |   head_next
	[  000]:    0x131604760 |    0x131604760 | FREE
	[  001]:    0x131604780 |    0x131604780 | FREE
	[  002]:    0x1316049c0 |    0x1316049c0 | NOT FREE
	[  003]:    0x1316047c0 |    0x1316047c0 | FREE
	[  004]:    0x131604980 |    0x131604980 | NOT FREE
	[  005]:    0x1316049a0 |    0x131604a40 | NOT FREE
	[  006]:    0x131604820 |    0x131604820 | FREE
	[  007]:    0x131604840 |    0x131604840 | FREE
	[  008]:    0x131604a00 |    0x131604a00 | NOT FREE
	[  009]:    0x1316049e0 |    0x1316049e0 | NOT FREE
	[  010]:    0x1316048a0 |    0x1316048a0 | FREE
	[  011]:    0x1316048c0 |    0x1316048c0 | FREE
	[  012]:    0x131604a20 |    0x131604a20 | NOT FREE
	[  013]:    0x131604900 |    0x131604900 | FREE
	[  014]:    0x131604920 |    0x131604920 | FREE
	[  015]:    0x131604940 |    0x131604940 | FREE
	[  016]:    0x131604960 |    0x131604960 | FREE
--------------------------------------------------------------------------------
LIST ARRAY 0:
	[      ptr     ]:      prev      |      next      |     key
	[0x131604760]:    0x131604760 |    0x131604760 | (null)
	[0x131604780]:    0x131604780 |    0x131604780 | (null)
	[0x1316047a0]:    0x1316049c0 |    0x1316049c0 | (null)
	[0x1316047c0]:    0x1316047c0 |    0x1316047c0 | (null)
	[0x1316047e0]:    0x131604980 |    0x131604980 | (null)
	[0x131604800]:    0x1316049a0 |    0x131604a40 | (null)
	[0x131604820]:    0x131604820 |    0x131604820 | (null)
	[0x131604840]:    0x131604840 |    0x131604840 | (null)
	[0x131604860]:    0x131604a00 |    0x131604a00 | (null)
	[0x131604880]:    0x1316049e0 |    0x1316049e0 | (null)
	[0x1316048a0]:    0x1316048a0 |    0x1316048a0 | (null)
	[0x1316048c0]:    0x1316048c0 |    0x1316048c0 | (null)
	[0x1316048e0]:    0x131604a20 |    0x131604a20 | (null)
	[0x131604900]:    0x131604900 |    0x131604900 | (null)
	[0x131604920]:    0x131604920 |    0x131604920 | (null)
	[0x131604940]:    0x131604940 |    0x131604940 | (null)
	[0x131604960]:    0x131604960 |    0x131604960 | (null)
	[0x131604980]:    0x1316047e0 |    0x1316047e0 | test_string_num_0
	[0x1316049a0]:    0x131604a40 |    0x131604800 | test_string_num_1
	[0x1316049c0]:    0x1316047a0 |    0x1316047a0 | test_string_num_2
--------------------------------------------------------------------------------
LIST ARRAY 1:
	[      ptr     ]:      prev      |      next      |     key
	[0x1316049e0]:    0x131604880 |    0x131604880 | test_string_num_3
	[0x131604a00]:    0x131604860 |    0x131604860 | test_string_num_4
	[0x131604a20]:    0x1316048e0 |    0x1316048e0 | test_string_num_5
	[0x131604a40]:    0x131604800 |    0x1316049a0 | test_string_num_6
	[0x131604a60]:            0x0 |    0x131604a80 | (null)
	[0x131604a80]:            0x0 |    0x131604aa0 | (null)
	[0x131604aa0]:            0x0 |    0x131604ac0 | (null)
	[0x131604ac0]:            0x0 |    0x131604ae0 | (null)
	[0x131604ae0]:            0x0 |    0x131604b00 | (null)
	[0x131604b00]:            0x0 |    0x131604b20 | (null)
	[0x131604b20]:            0x0 |    0x131604b40 | (null)
	[0x131604b40]:            0x0 |    0x131604b60 | (null)
	[0x131604b60]:            0x0 |    0x131604b80 | (null)
	[0x131604b80]:            0x0 |    0x131604ba0 | (null)
	[0x131604ba0]:            0x0 |    0x131604bc0 | (null)
	[0x131604bc0]:            0x0 |    0x131604be0 | (null)
	[0x131604be0]:            0x0 |    0x131604c00 | (null)
	[0x131604c00]:            0x0 |    0x131604c20 | (null)
	[0x131604c20]:            0x0 |    0x131604c40 | (null)
	[0x131604c40]:            0x0 |            0x0 | (null)
================================================================================


================================================================================
This dump is called from line 33 in file 'source/linked_list.cpp'
From function: 'ht_error_t list_insert(hashtab_t *, bucket_t *, const char *, data_t *)'
Dump comment: Dump after list allocation
--------------------------------------------------------------------------------
Free: 0x131604a80
--------------------------------------------------------------------------------
BUCKETS:
	[index]:    head_prev   |   head_next
	[  000]:    0x131604760 |    0x131604760 | FREE
	[  001]:    0x131604780 |    0x131604780 | FREE
	[  002]:    0x1316049c0 |    0x1316049c0 | NOT FREE
	[  003]:    0x1316047c0 |    0x1316047c0 | FREE
	[  004]:    0x131604980 |    0x131604980 | NOT FREE
	[  005]:    0x1316049a0 |    0x131604a40 | NOT FREE
	[  006]:    0x131604820 |    0x131604820 | FREE
	[  007]:    0x131604a60 |    0x131604a60 | NOT FREE
	[  008]:    0x131604a00 |    0x131604a00 | NOT FREE
	[  009]:    0x1316049e0 |    0x1316049e0 | NOT FREE
	[  010]:    0x1316048a0 |    0x1316048a0 | FREE
	[  011]:    0x1316048c0 |    0x1316048c0 | FREE
	[  012]:    0x131604a20 |    0x131604a20 | NOT FREE
	[  013]:    0x131604900 |    0x131604900 | FREE
	[  014]:    0x131604920 |    0x131604920 | FREE
	[  015]:    0x131604940 |    0x131604940 | FREE
	[  016]:    0x131604960 |    0x131604960 | FREE
--------------------------------------------------------------------------------
LIST ARRAY 0:
	[      ptr     ]:      prev      |      next      |     key
	[0x131604760]:    0x131604760 |    0x131604760 | (null)
	[0x131604780]:    0x131604780 |    0x131604780 | (null)
	[0x1316047a0]:    0x1316049c0 |    0x1316049c0 | (null)
	[0x1316047c0]:    0x1316047c0 |    0x1316047c0 | (null)
	[0x1316047e0]:    0x131604980 |    0x131604980 | (null)
	[0x131604800]:    0x1316049a0 |    0x131604a40 | (null)
	[0x131604820]:    0x131604820 |    0x131604820 | (null)
	[0x131604840]:    0x131604a60 |    0x131604a60 | (null)
	[0x131604860]:    0x131604a00 |    0x131604a00 | (null)
	[0x131604880]:    0x1316049e0 |    0x1316049e0 | (null)
	[0x1316048a0]:    0x1316048a0 |    0x1316048a0 | (null)
	[0x1316048c0]:    0x1316048c0 |    0x1316048c0 | (null)
	[0x1316048e0]:    0x131604a20 |    0x131604a20 | (null)
	[0x131604900]:    0x131604900 |    0x131604900 | (null)
	[0x131604920]:    0x131604920 |    0x131604920 | (null)
	[0x131604940]:    0x131604940 |    0x131604940 | (null)
	[0x131604960]:    0x131604960 |    0x131604960 | (null)
	[0x131604980]:    0x1316047e0 |    0x1316047e0 | test_string_num_0
	[0x1316049a0]:    0x131604a40 |    0x131604800 | test_string_num_1
	[0x1316049c0]:    0x1316047a0 |    0x1316047a0 | test_string_num_2
--------------------------------------------------------------------------------
LIST ARRAY 1:
	[      ptr     ]:      prev      |      next      |     key
	[0x1316049e0]:    0x131604880 |    0x131604880 | test_string_num_3
	[0x131604a00]:    0x131604860 |    0x131604860 | test_string_num_4
	[0x131604a20]:    0x1316048e0 |    0x1316048e0 | test_string_num_5
	[0x131604a40]:    0x131604800 |    0x1316049a0 | test_string_num_6
	[0x131604a60]:    0x131604840 |    0x131604840 | test_string_num_7
	[0x131604a80]:            0x0 |    0x131604aa0 | (null)
	[0x131604aa0]:            0x0 |    0x131604ac0 | (null)
	[0x131604ac0]:            0x0 |    0x131604ae0 | (null)
	[0x131604ae0]:            0x0 |    0x131604b00 | (null)
	[0x131604b00]:            0x0 |    0x131604b20 | (null)
	[0x131604b20]:            0x0 |    0x131604b40 | (null)
	[0x131604b40]:            0x0 |    0x131604b60 | (null)
	[0x131604b60]:            0x0 |    0x131604b80 | (null)
	[0x131604b80]:            0x0 |    0x131604ba0 | (null)
	[0x131604ba0]:            0x0 |    0x131604bc0 | (null)
	[0x131604bc0]:            0x0 |    0x131604be0 | (null)
	[0x131604be0]:            0x0 |    0x131604c00 | (null)
	[0x131604c00]:            0x0 |    0x131604c20 | (null)
	[0x131604c20]:            0x0 |    0x131604c40 | (null)
	[0x131604c40]:            0x0 |            0x0 | (null)
================================================================================


================================================================================
This dump is called from line 33 in file 'source/linked_list.cpp'
From function: 'ht_error_t list_insert(hashtab_t *, bucket_t *, const char *, data_t *)'
Dump comment: Dump after list allocation
--------------------------------------------------------------------------------
Free: 0x131604aa0
--------------------------------------------------------------------------------
BUCKETS:
	[index]:    head_prev   |   head_next
	[  000]:    0x131604760 |    0x131604760 | FREE
	[  001]:    0x131604780 |    0x131604780 | FREE
	[  002]:    0x1316049c0 |    0x1316049c0 | NOT FREE
	[  003]:    0x1316047c0 |    0x1316047c0 | FREE
	[  004]:    0x131604980 |    0x131604980 | NOT FREE
	[  005]:    0x1316049a0 |    0x131604a40 | NOT FREE
	[  006]:    0x131604820 |    0x131604820 | FREE
	[  007]:    0x131604a60 |    0x131604a60 | NOT FREE
	[  008]:    0x131604a00 |    0x131604a80 | NOT FREE
	[  009]:    0x1316049e0 |    0x1316049e0 | NOT FREE
	[  010]:    0x1316048a0 |    0x1316048a0 | FREE
	[  011]:    0x1316048c0 |    0x1316048c0 | FREE
	[  012]:    0x131604a20 |    0x131604a20 | NOT FREE
	[  013]:    0x131604900 |    0x131604900 | FREE
	[  014]:    0x131604920 |    0x131604920 | FREE
	[  015]:    0x131604940 |    0x131604940 | FREE
	[  016]:    0x131604960 |    0x131604960 | FREE
--------------------------------------------------------------------------------
LIST ARRAY 0:
	[      ptr     ]:      prev      |      next      |     key
	[0x131604760]:    0x131604760 |    0x131604760 | (null)
	[0x131604780]:    0x131604780 |    0x131604780 | (null)
	[0x1316047a0]:    0x1316049c0 |    0x1316049c0 | (null)
	[0x1316047c0]:    0x1316047c0 |    0x1316047c0 | (null)
	[0x1316047e0]:    0x131604980 |    0x131604980 | (null)
	[0x131604800]:    0x1316049a0 |    0x131604a40 | (null)
	[0x131604820]:    0x131604820 |    0x131604820 | (null)
	[0x131604840]:    0x131604a60 |    0x131604a60 | (null)
	[0x131604860]:    0x131604a00 |    0x131604a80 | (null)
	[0x131604880]:    0x1316049e0 |    0x1316049e0 | (null)
	[0x1316048a0]:    0x1316048a0 |    0x1316048a0 | (null)
	[0x1316048c0]:    0x1316048c0 |    0x1316048c0 | (null)
	[0x1316048e0]:    0x131604a20 |    0x131604a20 | (null)
	[0x131604900]:    0x131604900 |    0x131604900 | (null)
	[0x131604920]:    0x131604920 |    0x131604920 | (null)
	[0x131604940]:    0x131604940 |    0x131604940 | (null)
	[0x131604960]:    0x131604960 |    0x131604960 | (null)
	[0x131604980]:    0x1316047e0 |    0x1316047e0 | test_string_num_0
	[0x1316049a0]:    0x131604a40 |    0x131604800 | test_string_num_1
	[0x1316049c0]:    0x1316047a0 |    0x1316047a0 | test_string_num_2
--------------------------------------------------------------------------------
LIST ARRAY 1:
	[      ptr     ]:      prev      |      next      |     key
	[0x1316049e0]:    0x131604880 |    0x131604880 | test_string_num_3
	[0x131604a00]:    0x131604a80 |    0x131604860 | test_string_num_4
	[0x131604a20]:    0x1316048e0 |    0x1316048e0 | test_string_num_5
	[0x131604a40]:    0x131604800 |    0x1316049a0 | test_string_num_6
	[0x131604a60]:    0x131604840 |    0x131604840 | test_string_num_7
	[0x131604a80]:    0x131604860 |    0x131604a00 | test_string_num_8
	[0x131604aa0]:            0x0 |    0x131604ac0 | (null)
	[0x131604ac0]:            0x0 |    0x131604ae0 | (null)
	[0x131604ae0]:            0x0 |    0x131604b00 | (null)
	[0x131604b00]:            0x0 |    0x131604b20 | (null)
	[0x131604b20]:            0x0 |    0x131604b40 | (null)
	[0x131604b40]:            0x0 |    0x131604b60 | (null)
	[0x131604b60]:            0x0 |    0x131604b80 | (null)
	[0x131604b80]:            0x0 |    0x131604ba0 | (null)
	[0x131604ba0]:            0x0 |    0x131604bc0 | (null)
	[0x131604bc0]:            0x0 |    0x131604be0 | (null)
	[0x131604be0]:            0x0 |    0x131604c00 | (null)
	[0x131604c00]:            0x0 |    0x131604c20 | (null)
	[0x131604c20]:            0x0 |    0x131604c40 | (null)
	[0x131604c40]:            0x0 |            0x0 | (null)
================================================================================


================================================================================
This dump is called from line 33 in file 'source/linked_list.cpp'
From function: 'ht_error_t list_insert(hashtab_t *, bucket_t *, const char *, data_t *)'
Dump comment: Dump after list allocation
--------------------------------------------------------------------------------
Free: 0x131604ac0
--------------------------------------------------------------------------------
BUCKETS:
	[index]:    head_prev   |   head_next
	[  000]:    0x131604760 |    0x131604760 | FREE
	[  001]:    0x131604780 |    0x131604780 | FREE
	[  002]:    0x1316049c0 |    0x1316049c0 | NOT FREE
	[  003]:    0x1316047c0 |    0x1316047c0 | FREE
	[  004]:    0x131604980 |    0x131604980 | NOT FREE
	[  005]:    0x1316049a0 |    0x131604a40 | NOT FREE
	[  006]:    0x131604820 |    0x131604820 | FREE
	[  007]:    0x131604a60 |    0x131604a60 | NOT FREE
	[  008]:    0x131604a00 |    0x131604a80 | NOT FREE
	[  009]:    0x1316049e0 |    0x1316049e0 | NOT FREE
	[  010]:    0x131604aa0 |    0x131604aa0 | NOT FREE
	[  011]:    0x1316048c0 |    0x1316048c0 | FREE
	[  012]:    0x131604a20 |    0x131604a20 | NOT FREE
	[  013]:    0x131604900 |    0x131604900 | FREE
	[  014]:    0x131604920 |    0x131604920 | FREE
	[  015]:    0x131604940 |    0x131604940 | FREE
	[  016]:    0x131604960 |    0x131604960 | FREE
--------------------------------------------------------------------------------
LIST ARRAY 0:
	[      ptr     ]:      prev      |      next      |     key
	[0x131604760]:    0x131604760 |    0x131604760 | (null)
	[0x131604780]:    0x131604780 |    0x131604780 | (null)
	[0x1316047a0]:    0x1316049c0 |    0x1316049c0 | (null)
	[0x1316047c0]:    0x1316047c0 |    0x1316047c0 | (null)
	[0x1316047e0]:    0x131604980 |    0x131604980 | (null)
	[0x131604800]:    0x1316049a0 |    0x131604a40 | (null)
	[0x131604820]:    0x131604820 |    0x131604820 | (null)
	[0x131604840]:    0x131604a60 |    0x131604a60 | (null)
	[0x131604860]:    0x131604a00 |    0x131604a80 | (null)
	[0x131604880]:    0x1316049e0 |    0x1316049e0 | (null)
	[0x1316048a0]:    0x131604aa0 |    0x131604aa0 | (null)
	[0x1316048c0]:    0x1316048c0 |    0x1316048c0 | (null)
	[0x1316048e0]:    0x131604a20 |    0x131604a20 | (null)
	[0x131604900]:    0x131604900 |    0x131604900 | (null)
	[0x131604920]:    0x131604920 |    0x131604920 | (null)
	[0x131604940]:    0x131604940 |    0x131604940 | (null)
	[0x131604960]:    0x131604960 |    0x131604960 | (null)
	[0x131604980]:    0x1316047e0 |    0x1316047e0 | test_string_num_0
	[0x1316049a0]:    0x131604a40 |    0x131604800 | test_string_num_1
	[0x1316049c0]:    0x1316047a0 |    0x1316047a0 | test_string_num_2
--------------------------------------------------------------------------------
LIST ARRAY 1:
	[      ptr     ]:      prev      |      next      |     key
	[0x1316049e0]:    0x131604880 |    0x131604880 | test_string_num_3
	[0x131604a00]:    0x131604a80 |    0x131604860 | test_string_num_4
	[0x131604a20]:    0x1316048e0 |    0x1316048e0 | test_string_num_5
	[0x131604a40]:    0x131604800 |    0x1316049a0 | test_string_num_6
	[0x131604a60]:    0x131604840 |    0x131604840 | test_string_num_7
	[0x131604a80]:    0x131604860 |    0x131604a00 | test_string_num_8
	[0x131604aa0]:    0x1316048a0 |    0x1316048a0 | test_string_num_9
	[0x131604ac0]:            0x0 |    0x131604ae0 | (null)
	[0x131604ae0]:            0x0 |    0x131604b00 | (null)
	[0x131604b00]:            0x0 |    0x131604b20 | (null)
	[0x131604b20]:            0x0 |    0x131604b40 | (null)
	[0x131604b40]:            0x0 |    0x131604b60 | (null)
	[0x131604b60]:            0x0 |    0x131604b80 | (null)
	[0x131604b80]:            0x0 |    0x131604ba0 | (null)
	[0x131604ba0]:            0x0 |    0x131604bc0 | (null)
	[0x131604bc0]:            0x0 |    0x131604be0 | (null)
	[0x131604be0]:            0x0 |    0x131604c00 | (null)
	[0x131604c00]:            0x0 |    0x131604c20 | (null)
	[0x131604c20]:            0x0 |    0x131604c40 | (null)
	[0x131604c40]:            0x0 |            0x0 | (null)
================================================================================


